// Jest Snapshot v1, https://goo.gl/fbAQLP

exports[`Button renders 1`] = `
.c1 {
  margin: 0;
  -webkit-font-smoothing: antialiased;
}

.c0 {
  background-color: #0074d9;
  border-style: solid;
  border-width: 1px;
}

<button
  class="c0"
>
  <span
    class="c1"
  >
    Test text
  </span>
</button>
`;
